// Vitest Snapshot v1, https://vitest.dev/guide/snapshot.html

exports[`Using dynamicImports > should render icons dynamically by using the dynamicIconImports module 1`] = `
<svg xmlns="http://www.w3.org/2000/svg"
     width="48"
     height="48"
     viewbox="0 0 24 24"
     fill="none"
     stroke="red"
     stroke-width="1"
     stroke-linecap="round"
     stroke-linejoin="round"
     class="lucide lucide-smile"
     aria-label="smile"
>
  <path d="M12 2a10 10 0 1 0 0 20 10 10 0 1 0 0-20zM8 14s1.5 2 4 2 4-2 4-2M9 9h.01M15 9h.01">
  </path>
</svg>
`;
